***** External Functions *****
1    AdminAskPath                                       isrt.obl(ISRTScriptDialogs.obs)
2    Advapi32.CloseServiceHandle                        Setup.obs
3    Advapi32.OpenSCManagerW                            Setup.obs
4    Advapi32.OpenServiceW                              Setup.obs
5    Advapi32.QueryServiceStatus                        Setup.obs
6    AllFeaturesDeselected                              iswi.obl(CompHelperFuncs.obs)
7    CHECK_RETURN                                       iswi.obl(ErrHandler.obs)
8    ChangeDirectory                                    isrt.obl(Files.obs)
9    CloseFile                                          isrt.obl(Files.obs)
10   CmdGetHwndDlg                                      isrt.obl(CustomDialog.obs)
11   ComponentCompareSizeRequired                       isrt.obl(component.obs)
12   ComponentErrorInfo                                 isrt.obl(component.obs)
13   ComponentGetData                                   isrt.obl(component.obs)
14   ComponentGetTotalCost                              isrt.obl(component.obs)
15   ComponentIsItemSelected                            isrt.obl(component.obs)
16   ComponentListItems                                 isrt.obl(component.obs)
17   ComponentReinstall                                 isrt.obl(component.obs)
18   ComponentRemoveAll                                 isrt.obl(component.obs)
19   ComponentSaveTarget                                isrt.obl(component.obs)
20   ComponentSelectItem                                isrt.obl(component.obs)
21   ComponentTransferData                              isrt.obl(component.obs)
22   ComponentTreeInit                                  isrt.obl(Dialogs.obs)
23   CreateDir                                          isrt.obl(Files.obs)
24   CreateFile                                         isrt.obl(Files.obs)
25   CreateInstallationInfo                             isrt.obl(Registry.obs)
26   CtrlGetDlgItem                                     isrt.obl(CustomDialog.obs)
27   CtrlGetNotificationCode                            isrt.obl(CustomDialog.obs)
28   CtrlGetState                                       isrt.obl(CustomDialog.obs)
29   CtrlGetSubCommand                                  isrt.obl(CustomDialog.obs)
30   CtrlGetText                                        isrt.obl(CustomDialog.obs)
31   CtrlSelectText                                     isrt.obl(CustomDialog.obs)
32   CtrlSetList                                        isrt.obl(CustomDialog.obs)
33   CtrlSetState                                       isrt.obl(CustomDialog.obs)
34   CtrlSetText                                        isrt.obl(CustomDialog.obs)
35   DefineDialog                                       isrt.obl(CustomDialog.obs)
36   DeleteFile                                         isrt.obl(Files.obs)
37   DeleteSingleFile                                   isrt.obl(Files.obs)
38   DialogSetDefaultFont                               isrt.obl(Dialogs.obs)
39   DialogSetFont                                      isrt.obl(Dialogs.obs)
40   DialogSetInfo                                      isrt.obl(Dialogs.obs)
41   Disable                                            isrt.obl(Enable.obs)
42   DllSizeOf                                          isrt.obl(Str.obs)
43   Do                                                 isrt.obl(Misc.obs)
44   Enable                                             isrt.obl(Enable.obs)
45   EndCurrentDialog                                   isrt.obl(Dialogs.obs)
46   EndDialog                                          isrt.obl(CustomDialog.obs)
47   ExistsDir                                          isrt.obl(Files.obs)
48   EzDefineDialog                                     isrt.obl(CustomDialog.obs)
49   FeatureCompareSizeRequired                         iswi.obl(FeatureConv.obs)
50   FeatureErrorInfo                                   iswi.obl(ComponentConv.obs)
51   FeatureFilterLanguage                              iswi.obl(FeatureConv.obs)
52   FeatureFilterOS                                    iswi.obl(FeatureConv.obs)
53   FeatureGetData                                     iswi.obl(ComponentConv.obs)
54   FeatureGetTotalCost                                iswi.obl(FeatureConv.obs)
55   FeatureIsItemSelected                              iswi.obl(ComponentConv.obs)
56   FeatureListItems                                   iswi.obl(ComponentConv.obs)
57   FeatureReinstall                                   iswi.obl(ComponentConv.obs)
58   FeatureRemoveAll                                   iswi.obl(ComponentConv.obs)
59   FeatureSaveTarget                                  iswi.obl(FeatureConv.obs)
60   FeatureSelectItem                                  iswi.obl(ComponentConv.obs)
61   FeatureSetupTypeSet                                iswi.obl(ComponentConv.obs)
62   FeatureStandardSetupTypeSet                        iswi.obl(FeatureConv.obs)
63   FeatureTransferData                                iswi.obl(ComponentConv.obs)
64   FeaturesInstalled                                  iswi.obl(FileTransferFuncsConv.obs)
65   FeaturesInstalling                                 iswi.obl(FileTransferFuncsConv.obs)
66   FillLists                                          isrt.obl(ISRTScriptDialogs.obs)
67   FindFile                                           isrt.obl(Files.obs)
68   FormatMessage                                      isrt.obl(Misc.obs)
69   GDI32.CreateRectRgn                                Setup.obs
70   GDI32.GetDeviceCaps                                Setup.obs
71   GeneratedMSIScript                                 iswi.obl(FileTransferFuncsConv.obs)
72   GeneratingMSIScript                                iswi.obl(FileTransferFuncsConv.obs)
73   GetASPNETKEY                                       Setup.obs
74   GetBasicMSI                                        isrt.obl(SysVars.obs)
75   GetBillboard                                       isrt.obl(SysVars.obs)
76   GetCompItemList                                    iswi.obl(CompHelperFuncs.obs)
77   GetComponentsFeatures                              iswi.obl(CompHelperFuncs.obs)
78   GetCurrentDialogName                               isrt.obl(Dialogs.obs)
79   GetCurrentDir                                      isrt.obl(Files.obs)
80   GetDialogTitle                                     isrt.obl(Dialogs.obs)
81   GetDir                                             isrt.obl(Str.obs)
82   GetDisk                                            isrt.obl(Str.obs)
83   GetDiskSpace                                       isrt.obl(GSI.obs)
84   GetDiskSpaceEx                                     isrt.obl(GSI.obs)
85   GetEnabledIServices                                isrt.obl(SysVars.obs)
86   GetExtents                                         isrt.obl(GSI.obs)
87   GetFolderApplications                              isrt.obl(SysVars.obs)
88   GetFolderApplications64                            isrt.obl(SysVars.obs)
89   GetFolderDotNet10                                  isrt.obl(SysVars.obs)
90   GetFolderDotNet11                                  isrt.obl(SysVars.obs)
91   GetFolderDotNet20                                  isrt.obl(SysVars.obs)
92   GetIISServiceState                                 Setup.obs
93   GetISRes                                           isrt.obl(SysVars.obs)
94   GetInstallScriptMSIEEUI                            isrt.obl(SysVars.obs)
95   GetKeyPathWinCurrVerAuto                           isrt.obl(SysVars.obs)
96   GetMSIFeatureName                                  iswi.obl(CompHelperFuncs.obs)
97   GetMaintenance                                     iswi.obl(ISWiInit.obs)
98   GetMsiFeaturePath                                  iswi.obl(CompHelperFuncs.obs)
99   GetMsiNameFromAliasTable                           iswi.obl(CompHelperFuncs.obs)
100  GetOpenFileMode                                    isrt.obl(Files.obs)
101  GetPackageLocation                                 isrt.obl(SysVars.obs)
102  GetPlatformList                                    iswi.obl(CompHelperFuncs.obs)
103  GetProductGUID                                     iswi.obl(ISWiInit.obs)
104  GetProfString                                      isrt.obl(Profile.obs)
105  GetReinstallMode                                   isrt.obl(SysVars.obs)
106  GetRemoveAllMode                                   isrt.obl(SysVars.obs)
107  GetRemoveOnly                                      isrt.obl(SysVars.obs)
108  GetSelectedTreeComponent                           isrt.obl(CmptView.obs)
109  GetStandardSelectedLanguage                        isrt.obl(SysVars.obs)
110  GetSuiteHosted                                     isrt.obl(SysVars.obs)
111  GetSupportDir                                      isrt.obl(SysVars.obs)
112  GetSystemInfo                                      isrt.obl(GSI.obs)
113  GetTempFolder                                      isrt.obl(SysVars.obs)
114  GetUserSelectableAuto                              isrt.obl(SysVars.obs)
115  GetValidDrivesList                                 isrt.obl(GSI.obs)
116  GetWinDir                                          isrt.obl(SysVars.obs)
117  GetWinSysDir                                       isrt.obl(SysVars.obs)
118  GetWindowHandle                                    iswi.obl(MiscConv.obs)
119  HIWORD                                             isrt.obl(Misc.obs)
120  ISDeterminePlatform                                isrt.obl(OsInfo.obs)
121  ISMIF32.InstallStatusMIF                           isrt.obl(MIF.obs)
122  ISRT.ComponentViewSetInfoEx                        isrt.obl(Dialogs.obs)
123  ISRT.EnableHourGlass                               isrt.obl(Enable.obs)
124  ISRT.GetCPUType                                    isrt.obl(GSI.obs)
125  ISRT.GetFontSub                                    isrt.obl(Dialogs.obs)
126  ISRT.GetHandle                                     Setup.obs
127  ISRT.GetPorts                                      isrt.obl(GSI.obs)
128  ISRT.IsEmpty                                       Setup.obs
129  ISRT.IsNTAdmin                                     isrt.obl(Is.obs)
130  ISRT.IsObject                                      Setup.obs
131  ISRT.IsPowerUser                                   isrt.obl(Is.obs)
132  ISRT.LangLoadString                                isrt.obl(SDINT.obs)
133  ISRT.MessageBeepP                                  Setup.obs
134  ISRT.PathCompactPathPixel                          isrt.obl(CustomDialog.obs)
135  ISRT.PathGetDir                                    isrt.obl(Str.obs)
136  ISRT.PathGetDrive                                  isrt.obl(Str.obs)
137  ISRT.PathGetFile                                   isrt.obl(Files.obs)
138  ISRT.PathGetFileExt                                isrt.obl(Str.obs)
139  ISRT.PathGetFileName                               isrt.obl(Str.obs)
140  ISRT.PathGetPath                                   isrt.obl(Str.obs)
141  ISRT.PathIsValidSyntax                             isrt.obl(Is.obs)
142  ISRT.VerGetFileVersion                             Setup.obs
143  ISRT._BrowseForFolder                              isrt.obl(ISRTScriptDialogsPriv.obs)
144  ISRT._CloseFile                                    isrt.obl(Files.obs)
145  ISRT._CmdGetHwndDlg                                isrt.obl(CustomDialog.obs)
146  ISRT._ComponentCompareSizeRequired                 iswi.obl(FeatureConv.obs)
147  ISRT._ComponentFilterLanguage                      iswi.obl(FeatureConv.obs)
148  ISRT._ComponentFilterOS                            iswi.obl(FeatureConv.obs)
149  ISRT._ComponentGetTotalCost                        iswi.obl(FeatureConv.obs)
150  ISRT._ComponentGetTotalCostEx                      Setup.obs
151  ISRT._ComponentSaveTarget                          iswi.obl(FeatureConv.obs)
152  ISRT._CreateDir                                    isrt.obl(Files.obs)
153  ISRT._CtrlGetNotificationCode                      isrt.obl(CustomDialog.obs)
154  ISRT._CtrlGetParentWindowHelper                    iswi.obl(MiscConv.obs)
155  ISRT._CtrlGetSubCommand                            isrt.obl(CustomDialog.obs)
156  ISRT._CtrlSetHtmlContent                           isrt.obl(CustomDialog.obs)
157  ISRT._DefineDialog                                 isrt.obl(CustomDialog.obs)
158  ISRT._DialogSetFont                                isrt.obl(Dialogs.obs)
159  ISRT._DisableStatus                                isrt.obl(Enable.obs)
160  ISRT._DoSprintf                                    iswi.obl(HelperFuncs.obs)
161  ISRT._EnableDialogCache                            isrt.obl(Enable.obs)
162  ISRT._EnablePrevDialog                             Setup.obs
163  ISRT._EnableSkins                                  isrt.obl(Enable.obs)
164  ISRT._EnableStatus                                 isrt.obl(Enable.obs)
165  ISRT._EnableWow64FsRedirection                     isrt.obl(Enable.obs)
166  ISRT._EndDialog                                    isrt.obl(CustomDialog.obs)
167  ISRT._ExistsDir                                    isrt.obl(Files.obs)
168  ISRT._ExistsFile                                   isrt.obl(Files.obs)
169  ISRT._FloatingPointOperation                       Setup.obs
170  ISRT._GetCurrentDialogName                         isrt.obl(Dialogs.obs)
171  ISRT._GetDiskSpaceEx                               isrt.obl(GSI.obs)
172  ISRT._GetDiskSpaceExEx                             Setup.obs
173  ISRT._GetGlobalMemorySize                          isrt.obl(GSI.obs)
174  ISRT._GetProcessorInfo                             isrt.obl(OsInfo.obs)
175  ISRT._GetSelectedTreeComponent                     isrt.obl(CmptView.obs)
176  ISRT._GetStandardLangId                            isrt.obl(Misc.obs)
177  ISRT._GetSupportDir                                isrt.obl(SysVars.obs)
178  ISRT._GetVirtualMachineType                        isrt.obl(GSI.obs)
179  ISRT._IsFontTypefaceNameAvailable                  isrt.obl(Is.obs)
180  ISRT._IsInAdminGroup                               isrt.obl(Is.obs)
181  ISRT._IsLangSupported                              isrt.obl(Is.obs)
182  ISRT._IsSkinLoaded                                 isrt.obl(Is.obs)
183  ISRT._IsVirtualMachine                             isrt.obl(OsInfo.obs)
184  ISRT._IsWindowsME                                  isrt.obl(GSI.obs)
185  ISRT._IsWow64                                      isrt.obl(OsInfo.obs)
186  ISRT._ListAddItem                                  isrt.obl(scrlist.obs)
187  ISRT._ListAddString                                isrt.obl(scrlist.obs)
188  ISRT._ListCount                                    isrt.obl(scrlist.obs)
189  ISRT._ListCreate                                   isrt.obl(scrlist.obs)
190  ISRT._ListCurrentString                            isrt.obl(scrlist.obs)
191  ISRT._ListDeleteItem                               isrt.obl(scrlist.obs)
192  ISRT._ListDeleteString                             isrt.obl(scrlist.obs)
193  ISRT._ListDestroy                                  isrt.obl(scrlist.obs)
194  ISRT._ListFindItem                                 isrt.obl(scrlist.obs)
195  ISRT._ListFindString                               isrt.obl(scrlist.obs)
196  ISRT._ListGetFirstItem                             isrt.obl(scrlist.obs)
197  ISRT._ListGetFirstString                           isrt.obl(scrlist.obs)
198  ISRT._ListGetNextItem                              isrt.obl(scrlist.obs)
199  ISRT._ListGetNextString                            isrt.obl(scrlist.obs)
200  ISRT._ListGetType                                  isrt.obl(scrlist.obs)
201  ISRT._ListSetIndex                                 isrt.obl(scrlist.obs)
202  ISRT._MediaGetFilteringInfo                        iswi.obl(FeatureConv.obs)
203  ISRT._MediaGetInfo                                 iswi.obl(FeatureConv.obs)
204  ISRT._OpenFile                                     isrt.obl(Files.obs)
205  ISRT._Preprogram                                   Setup.obs
206  ISRT._RegCreateKey                                 isrt.obl(Registry.obs)
207  ISRT._RegEnableTextSubs                            isrt.obl(Enable.obs)
208  ISRT._RegGetOptions                                isrt.obl(SysVars.obs)
209  ISRT._RegIsRemoteRegConnected                      isrt.obl(Is.obs)
210  ISRT._RegQueryKeyBinaryValue                       isrt.obl(Registry.obs)
211  ISRT._RegQueryKeyValue                             isrt.obl(Registry.obs)
212  ISRT._RegSetOptions                                isrt.obl(SysVars.obs)
213  ISRT._ReleaseDialog                                isrt.obl(CustomDialog.obs)
214  ISRT._SdShowMsg                                    isrt.obl(ISRTScriptDialogsPriv.obs)
215  ISRT._SetAltMainImage                              isrt.obl(Dialogs.obs)
216  ISRT._SetDisplayEffect                             isrt.obl(ui.obs)
217  ISRT._SetSilentSdShowMsg                           isrt.obl(Enable.obs)
218  ISRT._SetTitle                                     isrt.obl(ui.obs)
219  ISRT._SetupTraceWrite                              isrt.obl(Misc.obs)
220  ISRT._TreeViewCreate                               isrt.obl(CmptView.obs)
221  ISRT._WaitOnDialog                                 isrt.obl(CustomDialog.obs)
222  ISRT._WriteLine                                    isrt.obl(Files.obs)
223  ISRT.__CreateObjectContext                         isrt.obl(ISRTInit.obs)
224  ISRT.__GetCmdLineOptions                           isrt.obl(ISRTInit.obs)
225  ISRT.__GetContextGUID                              isrt.obl(ISRTInit.obs)
226  ISRT.__GetEnabledIServices                         isrt.obl(SysVars.obs)
227  ISRT.__GetFileRegistrar                            isrt.obl(ISRTInit.obs)
228  ISRT.__GetISMSIStringTableObj                      iswi.obl(ISWiInit.obs)
229  ISRT.__GetInfo                                     isrt.obl(ISRTInit.obs)
230  ISRT.__GetInstallGuid                              isrt.obl(SysVars.obs)
231  ISRT.__GetLogDB                                    isrt.obl(ISRTInit.obs)
232  ISRT.__GetMainWindow                               Setup.obs
233  ISRT.__GetMaintOption                              isrt.obl(SysVars.obs)
234  ISRT.__GetMaintenanceMode                          isrt.obl(SysVars.obs)
235  ISRT.__GetObjects                                  isrt.obl(ISRTInit.obs)
236  ISRT.__GetProductGuid                              isrt.obl(SysVars.obs)
237  ISRT.__GetProgress                                 Setup.obs
238  ISRT.__GetReboot                                   isrt.obl(ISRTInit.obs)
239  ISRT.__GetReinstallMode                            isrt.obl(SysVars.obs)
240  ISRT.__GetRemoveAllMode                            isrt.obl(SysVars.obs)
241  ISRT.__GetTextSub                                  isrt.obl(ISRTInit.obs)
242  ISRT.__GetUpdateMode                               isrt.obl(SysVars.obs)
243  ISRT.__PutEnabledIServices                         isrt.obl(Enable.obs)
244  ISRT.__ReleaseObjectContext                        isrt.obl(ISRTInit.obs)
245  ISRT.__RestoreMainLog                              isrt.obl(ISRTInit.obs)
246  ISRT.__RestoreMainLogEx                            isrt.obl(ISRTInit.obs)
247  ISRT.__SetComponentLog                             isrt.obl(ISRTInit.obs)
248  ISRT.__SetUpdateMode                               isrt.obl(SysVars.obs)
249  ISRTHandleScriptException                          isrt.obl(Misc.obs)
250  ISRTPreprogram                                     isrt.obl(Driver.obs)
251  ISWIOnAppSearch                                    iswi.obl(DriverConv.obs)
252  ISWIOnCCPSearch                                    iswi.obl(DriverConv.obs)
253  ISWIOnExitInstall                                  iswi.obl(DriverConv.obs)
254  ISWIOnFirstUIAfter                                 iswi.obl(DriverConv.obs)
255  ISWIOnFirstUIBefore                                iswi.obl(DriverConv.obs)
256  ISWIOnInitInstall                                  iswi.obl(DriverConv.obs)
257  ISWIOnMaintUIAfter                                 iswi.obl(DriverConv.obs)
258  ISWIOnMaintUIBefore                                iswi.obl(DriverConv.obs)
259  ISWIOnMoveData                                     iswi.obl(DriverConv.obs)
260  ISWIOnMoveDataPostInstall                          iswi.obl(DriverConv.obs)
261  ISWIOnMoveDataPreInstall                           iswi.obl(DriverConv.obs)
262  ISWIOnResumeUIAfter                                iswi.obl(DriverConv.obs)
263  ISWIOnResumeUIBefore                               iswi.obl(DriverConv.obs)
264  ISWIPostprogram                                    iswi.obl(DriverConv.obs)
265  ISWIPreprogram                                     iswi.obl(DriverConv.obs)
266  InstallFilesActionAfter                            iswi.obl(FileTransferFuncsConv.obs)
267  InstallFilesActionBefore                           iswi.obl(FileTransferFuncsConv.obs)
268  Is                                                 isrt.obl(Is.obs)
269  IsComponentFiltered                                iswi.obl(CompHelperFuncs.obs)
270  IsTestSetup                                        iswi.obl(HelperFuncs.obs)
271  KERNEL.GetModuleHandle                             Setup.obs
272  KERNEL32.CloseHandle                               Setup.obs
273  KERNEL32.CreateFileW                               Setup.obs
274  KERNEL32.DeleteFileW                               Setup.obs
275  KERNEL32.FindClose                                 Setup.obs
276  KERNEL32.FindFirstFileW                            Setup.obs
277  KERNEL32.FindNextFileW                             Setup.obs
278  KERNEL32.FormatMessageW                            Setup.obs
279  KERNEL32.FreeLibrary                               Setup.obs
280  KERNEL32.GetCurrentDirectoryW                      Setup.obs
281  KERNEL32.GetDriveType                              Setup.obs
282  KERNEL32.GetFileAttributesW                        Setup.obs
283  KERNEL32.GetLocalTime                              Setup.obs
284  KERNEL32.GetLocaleInfo                             Setup.obs
285  KERNEL32.GetPrivateProfileString                   Setup.obs
286  KERNEL32.GetPrivateProfileStringW                  Setup.obs
287  KERNEL32.GetProcAddress                            Setup.obs
288  KERNEL32.GetProfileStringW                         Setup.obs
289  KERNEL32.GetSystemDefaultLCID                      Setup.obs
290  KERNEL32.GetSystemDefaultLangID                    Setup.obs
291  KERNEL32.GetSystemDefaultUILanguage                Setup.obs
292  KERNEL32.GetUserDefaultLangID                      Setup.obs
293  KERNEL32.GetVersion                                Setup.obs
294  KERNEL32.GetVersionEx                              Setup.obs
295  KERNEL32.GetVolumeInformation                      Setup.obs
296  KERNEL32.GetWindowsDirectory                       Setup.obs
297  KERNEL32.GetWindowsDirectoryW                      Setup.obs
298  KERNEL32.LoadLibraryW                              Setup.obs
299  KERNEL32.SetCurrentDirectoryW                      Setup.obs
300  KERNEL32.SetFileAttributesW                        Setup.obs
301  KERNEL32.WritePrivateProfileString                 Setup.obs
302  KERNEL32.lstrlenW                                  Setup.obs
303  Kernel32.GetModuleHandleW                          iswi.obl(ComponentConv.obs)
304  LOWORD                                             isrt.obl(Misc.obs)
305  LaunchAppAndWaitInitStartupInfo                    isrt.obl(Extend.obs)
306  LaunchApplicationInit                              isrt.obl(Extend.obs)
307  ListAddItem                                        isrt.obl(scrlist.obs)
308  ListAddString                                      isrt.obl(scrlist.obs)
309  ListConvertStrToNum                                isrt.obl(scrlist.obs)
310  ListCount                                          isrt.obl(scrlist.obs)
311  ListCreate                                         isrt.obl(scrlist.obs)
312  ListCurrentString                                  isrt.obl(scrlist.obs)
313  ListDeleteItem                                     isrt.obl(scrlist.obs)
314  ListDeleteString                                   isrt.obl(scrlist.obs)
315  ListDestroy                                        isrt.obl(scrlist.obs)
316  ListFindItem                                       isrt.obl(scrlist.obs)
317  ListFindString                                     isrt.obl(scrlist.obs)
318  ListGetFirstItem                                   isrt.obl(scrlist.obs)
319  ListGetFirstString                                 isrt.obl(scrlist.obs)
320  ListGetLastString                                  iswi.obl(CompHelperFuncs.obs)
321  ListGetNextItem                                    isrt.obl(scrlist.obs)
322  ListGetNextString                                  isrt.obl(scrlist.obs)
323  ListGetType                                        isrt.obl(scrlist.obs)
324  ListSetIndex                                       isrt.obl(scrlist.obs)
325  ListValid                                          isrt.obl(scrlist.obs)
326  ListValidType                                      isrt.obl(scrlist.obs)
327  LoadStringFromStringTable                          iswi.obl(ISWiInit.obs)
328  LongPathToQuote                                    isrt.obl(Str.obs)
329  MAKELONG                                           isrt.obl(Misc.obs)
330  MIFCreateMIFFile                                   isrt.obl(MIF.obs)
331  MIFDeleteMIFFile                                   isrt.obl(MIF.obs)
332  MIFInitialize                                      isrt.obl(MIF.obs)
333  MIFSetInformation                                  isrt.obl(MIF.obs)
334  MIFUnInitialize                                    isrt.obl(MIF.obs)
335  MIFWasSetInformationCalled                         isrt.obl(MIF.obs)
336  MediaGetDataEx                                     iswi.obl(FeatureConv.obs)
337  MessageBeep                                        isrt.obl(Misc.obs)
338  MessageBox                                         isrt.obl(ISRTScriptDialogsPriv.obs)
339  MessageBoxEx                                       isrt.obl(ISRTScriptDialogsPriv.obs)
340  Moved                                              iswi.obl(FileTransferFuncsConv.obs)
341  Moving                                             iswi.obl(FileTransferFuncsConv.obs)
342  MsiCloseHandle                                     iswi.obl(MsiFuncsConv.obs)
343  MsiCreateRecord                                    iswi.obl(MsiFuncsConv.obs)
344  MsiDatabaseOpenView                                iswi.obl(MsiFuncsConv.obs)
345  MsiDoAction                                        iswi.obl(MsiFuncsConv.obs)
346  MsiGetActiveDatabase                               iswi.obl(MsiFuncsConv.obs)
347  MsiGetMode                                         iswi.obl(MsiFuncsConv.obs)
348  MsiGetProperty                                     iswi.obl(MsiFuncsConv.obs)
349  MsiGetPropertyIS                                   iswi.obl(MsiFuncsConv.obs)
350  MsiGetSourcePath                                   iswi.obl(MsiFuncsConv.obs)
351  MsiGetTargetPath                                   iswi.obl(MsiFuncsConv.obs)
352  MsiInstallProduct                                  iswi.obl(MsiFuncsConv.obs)
353  MsiProcessMessage                                  iswi.obl(MsiFuncsConv.obs)
354  MsiQueryFeatureState                               iswi.obl(MsiFuncsConv.obs)
355  MsiRecordGetInteger                                iswi.obl(MsiFuncsConv.obs)
356  MsiRecordGetString                                 iswi.obl(MsiFuncsConv.obs)
357  MsiRecordSetString                                 iswi.obl(MsiFuncsConv.obs)
358  MsiSetProperty                                     iswi.obl(MsiFuncsConv.obs)
359  MsiSetTargetPath                                   iswi.obl(MsiFuncsConv.obs)
360  MsiViewExecute                                     iswi.obl(MsiFuncsConv.obs)
361  MsiViewFetch                                       iswi.obl(MsiFuncsConv.obs)
362  OnAbort                                            iswi.obl(DriverConv.obs)
363  OnAction                                           iswi.obl(ISWiInit.obs)
364  OnAdminInstallUIAfter                              iswi.obl(DriverConv.obs)
365  OnAdminInstallUIBefore                             iswi.obl(DriverConv.obs)
366  OnAdminPatchUIAfter                                iswi.obl(DriverConv.obs)
367  OnAdminPatchUIBefore                               iswi.obl(DriverConv.obs)
368  OnAdvertisementAfter                               iswi.obl(DriverConv.obs)
369  OnAdvertisementBefore                              iswi.obl(DriverConv.obs)
370  OnAppSearch                                        iswi.obl(DriverConv.obs)
371  OnBegin                                            iswi.obl(DriverConv.obs)
372  OnCCPSearch                                        iswi.obl(DriverConv.obs)
373  OnCanceling                                        iswi.obl(DriverConv.obs)
374  OnComponentError                                   iswi.obl(DriverConv.obs)
375  OnDIFxLogCallback                                  isrt.obl(ISDIFx.obs)
376  OnDIFxLogCallbackImpl                              isrt.obl(ISDIFx.obs)
377  OnEnd                                              iswi.obl(DriverConv.obs)
378  OnError                                            iswi.obl(DriverConv.obs)
379  OnException                                        iswi.obl(DriverConv.obs)
380  OnFeaturesInstalled                                iswi.obl(FileTransferFuncsConv.obs)
381  OnFeaturesInstalling                               iswi.obl(FileTransferFuncsConv.obs)
382  OnFileError                                        iswi.obl(Exceptions.obs)
383  OnFileLocked                                       iswi.obl(Exceptions.obs)
384  OnFileReadOnly                                     iswi.obl(Exceptions.obs)
385  OnFilesInUse                                       iswi.obl(DriverConv.obs)
386  OnFilterComponents                                 iswi.obl(DriverConv.obs)
387  OnFirstUIAfter                                     iswi.obl(DriverConv.obs)
388  OnFirstUIBefore                                    iswi.obl(DriverConv.obs)
389  OnGeneratedMSIScript                               iswi.obl(DriverConv.obs)
390  OnGeneratingMSIScript                              iswi.obl(DriverConv.obs)
391  OnHelp                                             iswi.obl(DriverConv.obs)
392  OnInstallFilesActionAfter                          iswi.obl(DriverConv.obs)
393  OnInstallFilesActionBefore                         iswi.obl(DriverConv.obs)
394  OnInternetError                                    iswi.obl(Exceptions.obs)
395  OnLaunchAppAndWaitCallback                         iswi.obl(DriverConv.obs)
396  OnLogonUserSetMsiProperties                        iswi.obl(DriverConv.obs)
397  OnMD5Error                                         iswi.obl(Exceptions.obs)
398  OnMaintUIAfter                                     iswi.obl(DriverConv.obs)
399  OnMaintUIBefore                                    iswi.obl(DriverConv.obs)
400  OnMaintenance                                      iswi.obl(DriverConv.obs)
401  OnMoved                                            iswi.obl(DriverConv.obs)
402  OnMoving                                           iswi.obl(DriverConv.obs)
403  OnMsiSilentInstall                                 iswi.obl(DriverConv.obs)
404  OnNetApiCreateUserAccountInternal                  isrt.obl(NetApiRT.obs)
405  OnNextDisk                                         iswi.obl(Exceptions.obs)
406  OnOutOfDiskSpace                                   iswi.obl(DriverConv.obs)
407  OnPatchUIAfter                                     iswi.obl(DriverConv.obs)
408  OnPatchUIBefore                                    iswi.obl(DriverConv.obs)
409  OnRMFilesInUse                                     iswi.obl(DriverConv.obs)
410  OnRebooted                                         iswi.obl(DriverConv.obs)
411  OnRemovingSharedFile                               iswi.obl(Exceptions.obs)
412  OnResume                                           iswi.obl(DriverConv.obs)
413  OnResumeUIAfter                                    iswi.obl(DriverConv.obs)
414  OnResumeUIBefore                                   iswi.obl(DriverConv.obs)
415  OnSQLLogin                                         iswi.obl(DriverConv.obs)
416  OnSelfRegistrationError                            iswi.obl(Exceptions.obs)
417  OnUnhandledException                               iswi.obl(DriverConv.obs)
418  OnUninstall                                        iswi.obl(DriverConv.obs)
419  OnUpdateService                                    iswi.obl(DriverConv.obs)
420  OnWarning                                          iswi.obl(DriverConv.obs)
421  OpenFile                                           isrt.obl(Files.obs)
422  OpenFileMode                                       isrt.obl(Files.obs)
423  ParsePath                                          isrt.obl(Str.obs)
424  PopulateColumnHeaders                              isrt.obl(ISRTScriptDialogs.obs)
425  PopulateListView                                   isrt.obl(ISRTScriptDialogs.obs)
426  PostShowComponentDlg                               iswi.obl(ISWiInit.obs)
427  Postprogram                                        iswi.obl(DriverConv.obs)
428  PreShowComponentDlg                                iswi.obl(ISWiInit.obs)
429  Preprogram                                         iswi.obl(DriverConv.obs)
430  ProgramEeuiPostInstall                             iswi.obl(DriverConv.obs)
431  ProgramEeuiPreInstall                              iswi.obl(DriverConv.obs)
432  PthFixPath                                         isrt.obl(Pth.obs)
433  PthIsAbsPath                                       isrt.obl(Pth.obs)
434  RebootNeeded                                       iswi.obl(FileTransferFuncsConv.obs)
435  RedirectMsiCloseHandle                             iswi.obl(RedirectedMsiFuncsConv.obs)
436  RedirectMsiCreateRecord                            iswi.obl(RedirectedMsiFuncsConv.obs)
437  RedirectMsiGetActiveDatabase                       iswi.obl(RedirectedMsiFuncsConv.obs)
438  RedirectMsiGetMode                                 iswi.obl(RedirectedMsiFuncsConv.obs)
439  RedirectMsiProcessMessage                          iswi.obl(RedirectedMsiFuncsConv.obs)
440  RedirectMsiRecordGetInteger                        iswi.obl(RedirectedMsiFuncsConv.obs)
441  RedirectMsiViewExecute                             iswi.obl(RedirectedMsiFuncsConv.obs)
442  RedirectMsiViewFetch                               iswi.obl(RedirectedMsiFuncsConv.obs)
443  RegDBGetItem                                       isrt.obl(Registry.obs)
444  RegDBGetKeyValueEx                                 isrt.obl(Registry.obs)
445  RegDBQueryValue                                    isrt.obl(Registry.obs)
446  RegDBQueryValue32                                  isrt.obl(Registry.obs)
447  ReleaseDialog                                      isrt.obl(CustomDialog.obs)
448  RemoveSpaces                                       iswi.obl(HelperFuncs.obs)
449  ResolveShellObjectsFolder                          iswi.obl(CompHelperFuncs.obs)
450  SdAskDestPath                                      isrt.obl(ISRTScriptDialogs.obs)
451  SdCloseDlg                                         isrt.obl(SDINT.obs)
452  SdComponentDlgCheckSpace                           isrt.obl(SDINT.obs)
453  SdDiskSpace2                                       isrt.obl(ISRTScriptDialogs.obs)
454  SdDlgToTop                                         isrt.obl(SDINT.obs)
455  SdDoStdButton                                      isrt.obl(SDINT.obs)
456  SdEnablement                                       isrt.obl(SDINT.obs)
457  SdError                                            isrt.obl(SDINT.obs)
458  SdFeatureTree                                      isrt.obl(ISRTScriptDialogs.obs)
459  SdFilesInUse                                       isrt.obl(ISRTScriptDialogs.obs)
460  SdFinish                                           isrt.obl(ISRTScriptDialogs.obs)
461  SdFinishReboot                                     isrt.obl(ISRTScriptDialogs.obs)
462  SdGeneralInit                                      isrt.obl(SDINT.obs)
463  SdInit                                             isrt.obl(SDINT.obs)
464  SdIsStdButton                                      isrt.obl(SDINT.obs)
465  SdLoadString                                       isrt.obl(SDINT.obs)
466  SdMakeName                                         isrt.obl(SDINT.obs)
467  SdPatchWelcome                                     isrt.obl(ISRTScriptDialogs.obs)
468  SdPlugInProductName                                isrt.obl(SDINT.obs)
469  SdRMFilesInUse                                     isrt.obl(ISRTScriptDialogs.obs)
470  SdRegisterUser                                     isrt.obl(ISRTScriptDialogs.obs)
471  SdSetDlgTitle                                      isrt.obl(SDINT.obs)
472  SdSetStatic                                        isrt.obl(SDINT.obs)
473  SdSetupCompleteError                               isrt.obl(ISRTScriptDialogs.obs)
474  SdShowMsg                                          isrt.obl(ISRTScriptDialogsPriv.obs)
475  SdStartCopy2                                       isrt.obl(ISRTScriptDialogs.obs)
476  SdSubstituteProductInfo                            isrt.obl(SDINT.obs)
477  SdUnInit                                           isrt.obl(SDINT.obs)
478  SdWelcome                                          isrt.obl(ISRTScriptDialogs.obs)
479  SdWelcomeMaint                                     isrt.obl(ISRTScriptDialogs.obs)
480  SelectDir                                          isrt.obl(ISRTScriptDialogsPriv.obs)
481  SelectDirNoLog                                     isrt.obl(ISRTScriptDialogsPriv.obs)
482  SendMessage                                        isrt.obl(Misc.obs)
483  ServiceGetServiceState                             isrt.obl(Service.obs)
484  ServiceInitParams                                  isrt.obl(Service.obs)
485  SetCmdLine                                         isrt.obl(SysVars.obs)
486  SetDisplayEffect                                   isrt.obl(ui.obs)
487  SetExtendedErrInfo                                 isrt.obl(IsUtil.obs)
488  SetGlobalVars                                      iswi.obl(ISWiInit.obs)
489  SetInstallationInfo                                isrt.obl(Registry.obs)
490  SetMifInformationOnly                              isrt.obl(Registry.obs)
491  SetStatusExStaticText                              isrt.obl(ui.obs)
492  SetStatusWindow                                    isrt.obl(ui.obs)
493  SetTitle                                           isrt.obl(ui.obs)
494  SetupTraceWrite                                    isrt.obl(Misc.obs)
495  SetupType2                                         isrt.obl(ISRTScriptDialogs.obs)
496  SilentDoGeneralInfo                                isrt.obl(Silent.obs)
497  SilentFailed                                       isrt.obl(Silent.obs)
498  SilentFinish                                       isrt.obl(Silent.obs)
499  SilentInit                                         isrt.obl(Silent.obs)
500  SilentReadData                                     isrt.obl(Silent.obs)
501  SilentSetInfo                                      isrt.obl(Silent.obs)
502  SilentSetMode                                      isrt.obl(Silent.obs)
503  SilentWriteData                                    isrt.obl(Silent.obs)
504  Sprintf                                            isrt.obl(Str.obs)
505  SprintfBox                                         isrt.obl(ISRTScriptDialogsPriv.obs)
506  SprintfMsiLog                                      iswi.obl(HelperFuncs.obs)
507  StrAddLastSlash                                    isrt.obl(Str.obs)
508  StrConvertSizeUnit                                 isrt.obl(Str.obs)
509  StrDelete                                          iswi.obl(HelperFuncs.obs)
510  StrFindEx                                          isrt.obl(Str.obs)
511  StrGetTokens                                       isrt.obl(Str.obs)
512  StrLength                                          isrt.obl(Str.obs)
513  StrParseMSIMessage                                 isrt.obl(Str.obs)
514  StrRemoveLastSlash                                 isrt.obl(Str.obs)
515  StrReplace                                         isrt.obl(Str.obs)
516  StrToNumHex                                        isrt.obl(Str.obs)
517  StrToUpper                                         isrt.obl(Str.obs)
518  StrTrim                                            isrt.obl(Str.obs)
519  SuiteLogInfo                                       isrt.obl(SuiteWrappers.obs)
520  SuiteReportError                                   isrt.obl(SuiteWrappers.obs)
521  SysVarsInit                                        isrt.obl(SysVars.obs)
522  SysVarsInitConv                                    iswi.obl(SysVarsConv.obs)
523  SysVarsTrace                                       isrt.obl(SysVars.obs)
524  SysVarsUnInit                                      iswi.obl(SysVarsConv.obs)
525  System                                             isrt.obl(Misc.obs)
526  SystemRestoreCancelRestorePointIS                  isrt.obl(PCRestore.obs)
527  SystemRestoreCloseRestorePointIS                   isrt.obl(PCRestore.obs)
528  SystemRestoreDisableIS                             isrt.obl(PCRestore.obs)
529  SystemRestoreIsEnabledIS                           isrt.obl(PCRestore.obs)
530  SystemRestoreOpenRestorePointIS                    isrt.obl(PCRestore.obs)
531  TextSubGetValue                                    isrt.obl(TextSub.obs)
532  TextSubParseTextSub                                isrt.obl(TextSub.obs)
533  TextSubSetValue                                    isrt.obl(TextSub.obs)
534  TreeViewCreate                                     isrt.obl(CmptView.obs)
535  USER.EnableWindow                                  Setup.obs
536  USER.GetClassName                                  Setup.obs
537  USER.GetDC                                         Setup.obs
538  USER.GetDlgItem                                    Setup.obs
539  USER.GetFocus                                      Setup.obs
540  USER.GetWindowLong                                 Setup.obs
541  USER.GetWindowRect                                 Setup.obs
542  USER.IsIconic                                      Setup.obs
543  USER.IsWindow                                      Setup.obs
544  USER.ReleaseDC                                     Setup.obs
545  USER.SendMessageW                                  Setup.obs
546  USER.SetFocus                                      Setup.obs
547  USER.SetWindowPos                                  Setup.obs
548  USER.SetWindowText                                 Setup.obs
549  USER.ShowWindow                                    Setup.obs
550  USER32.CharUpperBuffW                              Setup.obs
551  USER32.DestroyWindow                               Setup.obs
552  USER32.GetDesktopWindow                            Setup.obs
553  USER32.GetSystemMetrics                            Setup.obs
554  USER32.GetWindowText                               Setup.obs
555  USER32.GetWindowTextLength                         Setup.obs
556  USER32.IsWindowVisible                             Setup.obs
557  USER32.MessageBoxW                                 Setup.obs
558  USER32.SendMessageW                                Setup.obs
559  USER32.SetForegroundWindow                         Setup.obs
560  USER32.SetWindowLong                               Setup.obs
561  USER32.SetWindowRgn                                Setup.obs
562  UpdateDirectoryPathForIsMsiEeui                    iswi.obl(HelperFuncs.obs)
563  UpdateServiceEnableUpdateService                   isrt.obl(ISUpdateService.obs)
564  User32.LoadStringW                                 iswi.obl(ComponentConv.obs)
565  VarInit                                            isrt.obl(SysVars.obs)
566  VarRestore                                         iswi.obl(SysVarsConv.obs)
567  VarRestoreISRT                                     isrt.obl(SysVars.obs)
568  VarSave                                            iswi.obl(SysVarsConv.obs)
569  VarSaveISRT                                        isrt.obl(SysVars.obs)
570  VerCompare                                         isrt.obl(version.obs)
571  VerProductGetInstalledVersion                      isrt.obl(version.obs)
572  VerProductNumToStr                                 isrt.obl(version.obs)
573  VerProductVerPartsFromVer                          isrt.obl(version.obs)
574  WaitOnDialog                                       isrt.obl(CustomDialog.obs)
575  WriteLine                                          isrt.obl(Files.obs)
576  __AddStringToArray                                 iswi.obl(HelperFuncs.obs)
577  __Begin                                            iswi.obl(DriverConv.obs)
578  __ComponentListItemsEx                             iswi.obl(CompHelperFuncs.obs)
579  __ComponentListItemsExInstall                      iswi.obl(CompHelperFuncs.obs)
580  __ComponentListItemsExUnInstall                    iswi.obl(CompHelperFuncs.obs)
581  __ComponentMoveXferData                            iswi.obl(CompHelperFuncs.obs)
582  __End                                              iswi.obl(DriverConv.obs)
583  __GetFinishMode                                    iswi.obl(ISWiInit.obs)
584  __GetMsiHandle                                     iswi.obl(SysVarsConv.obs)
585  __GetSourceDir                                     iswi.obl(SysVarsConv.obs)
586  __HandleError                                      iswi.obl(ErrHandler.obs)
587  __ISRTDoExit                                       isrt.obl(Misc.obs)
588  __ISRTInit                                         isrt.obl(ISRTInit.obs)
589  __ISRTRestoreMainLog                               isrt.obl(ISRTInit.obs)
590  __ISRTRestoreMainLogEx                             isrt.obl(ISRTInit.obs)
591  __ISRTSetComponentLog                              isrt.obl(ISRTInit.obs)
592  __ISRTUnInit                                       isrt.obl(ISRTInit.obs)
593  __ISWIInit                                         iswi.obl(ISWiInit.obs)
594  __ISWIMsiHandle                                    iswi.obl(ISWiInit.obs)
595  __ISWIUnInit                                       iswi.obl(ISWiInit.obs)
596  __IsArrayEmpty                                     iswi.obl(HelperFuncs.obs)
597  __LoadIScriptString                                isrt.obl(LoadStr.obs)
598  __Moved                                            iswi.obl(FileTransferFuncsConv.obs)
599  __Moving                                           iswi.obl(FileTransferFuncsConv.obs)
600  __MsiOpenView                                      iswi.obl(CompHelperFuncs.obs)
601  __MsiQueryFeatureState                             iswi.obl(MsiWrappersConv.obs)
602  __MsiRecordGetString                               iswi.obl(MsiWrappersConv.obs)
603  __OnAbort                                          iswi.obl(DriverConv.obs)
604  __OnAdminPatch                                     iswi.obl(DriverConv.obs)
605  __OnAdministrativeInstall                          iswi.obl(DriverConv.obs)
606  __OnAdvertisement                                  iswi.obl(DriverConv.obs)
607  __OnBegin                                          iswi.obl(DriverConv.obs)
608  __OnCanceling                                      iswi.obl(DriverConv.obs)
609  __OnEnd                                            iswi.obl(DriverConv.obs)
610  __OnError                                          iswi.obl(DriverConv.obs)
611  __OnMsiMaintenance                                 iswi.obl(DriverConv.obs)
612  __OnMsiRebooted                                    iswi.obl(DriverConv.obs)
613  __OnMsiSilentInstall                               iswi.obl(DriverConv.obs)
614  __OnMsiUninstall                                   iswi.obl(DriverConv.obs)
615  __OnPatch                                          iswi.obl(DriverConv.obs)
616  __OnResume                                         iswi.obl(DriverConv.obs)
617  __OnWarning                                        iswi.obl(DriverConv.obs)
618  __ResetMsiObject                                   iswi.obl(ISWiInit.obs)
619  __SetMaintenance                                   iswi.obl(ISWiInit.obs)
620  __SetMsiHandle                                     iswi.obl(SysVarsConv.obs)
621  __SetMsiServer                                     iswi.obl(ISWiInit.obs)
622  __SetPatch                                         iswi.obl(SysVarsConv.obs)
623  __SetSourceDir                                     iswi.obl(SysVarsConv.obs)
624  isrt._ComponentGetData                             iswi.obl(ComponentConv.obs)
625  isrt._ComponentIsItemSelected                      iswi.obl(ComponentConv.obs)
626  isrt._ComponentListItems                           iswi.obl(ComponentConv.obs)
627  isrt._ComponentReinstall                           iswi.obl(ComponentConv.obs)
628  isrt._ComponentRemoveAll                           iswi.obl(ComponentConv.obs)
629  isrt._ComponentSelectItem                          iswi.obl(ComponentConv.obs)
630  isrt._ComponentSetupTypeSet                        iswi.obl(ComponentConv.obs)
631  isrt._EnableDialogCache                            iswi.obl(ISWiInit.obs)
632  msi.MsiCloseHandle                                 iswi.obl(RedirectedMsiFuncsConv.obs)
633  msi.MsiCreateRecord                                iswi.obl(RedirectedMsiFuncsConv.obs)
634  msi.MsiDatabaseOpenViewW                           Setup.obs
635  msi.MsiDoActionW                                   Setup.obs
636  msi.MsiGetActiveDatabase                           iswi.obl(RedirectedMsiFuncsConv.obs)
637  msi.MsiGetMode                                     iswi.obl(RedirectedMsiFuncsConv.obs)
638  msi.MsiGetProductInfoW                             Setup.obs
639  msi.MsiGetPropertyW                                Setup.obs
640  msi.MsiGetSourcePathW                              Setup.obs
641  msi.MsiGetTargetPathW                              Setup.obs
642  msi.MsiProcessMessage                              iswi.obl(RedirectedMsiFuncsConv.obs)
643  msi.MsiQueryFeatureStateW                          Setup.obs
644  msi.MsiRecordGetInteger                            iswi.obl(RedirectedMsiFuncsConv.obs)
645  msi.MsiRecordGetStringW                            Setup.obs
646  msi.MsiRecordSetStringW                            Setup.obs
647  msi.MsiSetPropertyW                                Setup.obs
648  msi.MsiSetTargetPathW                              Setup.obs
649  msi.MsiViewExecute                                 iswi.obl(RedirectedMsiFuncsConv.obs)
650  msi.MsiViewFetch                                   iswi.obl(RedirectedMsiFuncsConv.obs)
651  program                                            iswi.obl(DriverConv.obs)
652  sfc.SRSetRestorePointW                             Setup.obs


***** External Variables *****
1    ADDREMOVE                                          iswi.obl(SysVarsConv.obs)
2    ADDREMOVE_COMBINEDBUTTON                           Setup.obs
3    ADDREMOVE_HIDECHANGEOPTION                         Setup.obs
4    ADDREMOVE_HIDEREMOVEOPTION                         Setup.obs
5    ADDREMOVE_HIDEREPAIROPTION                         Setup.obs
6    ADDREMOVE_STRING_REMOVEONLY                        Setup.obs
7    ADDREMOVE_SYSTEMCOMPONENT                          Setup.obs
8    ADMINUSER                                          Setup.obs
9    ALLUSERS                                           Setup.obs
10   AdminToolsFolder                                   iswi.obl(DebugSymbolsConv.obs)
11   AppDataFolder                                      iswi.obl(DebugSymbolsConv.obs)
12   BASICMSI                                           iswi.obl(SysVarsConv.obs)
13   BATCH_INSTALL                                      Setup.obs
14   CMDLINE                                            iswi.obl(SysVarsConv.obs)
15   COMMONFILES                                        iswi.obl(SysVarsConv.obs)
16   COMMONFILES64                                      iswi.obl(SysVarsConv.obs)
17   CommonAppDataFolder                                iswi.obl(DebugSymbolsConv.obs)
18   CommonFiles64Folder                                iswi.obl(DebugSymbolsConv.obs)
19   CommonFilesFolder                                  iswi.obl(DebugSymbolsConv.obs)
20   DISABLE_ALLUSERBTN                                 Setup.obs
21   DISABLE_PERUSERBTN                                 Setup.obs
22   DISK1SETUPEXENAME                                  iswi.obl(SysVarsConv.obs)
23   DISK1TARGET                                        Setup.obs
24   DesktopFolder                                      iswi.obl(DebugSymbolsConv.obs)
25   ENABLED_ISERVICES                                  iswi.obl(SysVarsConv.obs)
26   ENGINECOMMONDIR                                    iswi.obl(SysVarsConv.obs)
27   ENGINEDIR                                          iswi.obl(SysVarsConv.obs)
28   ERRORFILENAME                                      Setup.obs
29   ERRORINFO                                          iswi.obl(ComponentConv.obs)
30   Err                                                Setup.obs
31   FEATURE                                            iswi.obl(ComponentConv.obs)
32   FILEERROR                                          iswi.obl(ComponentConv.obs)
33   FILETIME                                           Setup.obs
34   FIND_DATAW                                         Setup.obs
35   FOLDER_APPDATA                                     iswi.obl(SysVarsConv.obs)
36   FOLDER_COMMON_APPDATA                              iswi.obl(SysVarsConv.obs)
37   FOLDER_DESKTOP                                     iswi.obl(SysVarsConv.obs)
38   FOLDER_DOTNET_10                                   iswi.obl(SysVarsConv.obs)
39   FOLDER_DOTNET_11                                   iswi.obl(SysVarsConv.obs)
40   FOLDER_DOTNET_20                                   iswi.obl(SysVarsConv.obs)
41   FOLDER_DOTNET_30                                   iswi.obl(SysVarsConv.obs)
42   FOLDER_DOTNET_35                                   iswi.obl(SysVarsConv.obs)
43   FOLDER_DOTNET_40                                   iswi.obl(SysVarsConv.obs)
44   FOLDER_FONTS                                       iswi.obl(SysVarsConv.obs)
45   FOLDER_LOCAL_APPDATA                               iswi.obl(SysVarsConv.obs)
46   FOLDER_PERSONAL                                    iswi.obl(SysVarsConv.obs)
47   FOLDER_PROGRAMS                                    iswi.obl(SysVarsConv.obs)
48   FOLDER_STARTMENU                                   iswi.obl(SysVarsConv.obs)
49   FOLDER_STARTUP                                     iswi.obl(SysVarsConv.obs)
50   FOLDER_TEMP                                        iswi.obl(SysVarsConv.obs)
51   FavoritesFolder                                    iswi.obl(DebugSymbolsConv.obs)
52   FileRegistrar                                      Setup.obs
53   FontsFolder                                        iswi.obl(DebugSymbolsConv.obs)
54   HIDE_DISABLED_BTNS                                 Setup.obs
55   HKEYCURRENTROOTKEY                                 Setup.obs
56   IFX_COMPANY_NAME                                   Setup.obs
57   IFX_INSTALLED_DISPLAY_VERSION                      Setup.obs
58   IFX_INSTALLED_VERSION                              Setup.obs
59   IFX_KEYPATH_PRODUCT_INFO                           Setup.obs
60   IFX_MULTI_INSTANCE_SUFFIX                          Setup.obs
61   IFX_NETAPI_GROUP                                   Setup.obs
62   IFX_NETAPI_PASSWORD                                Setup.obs
63   IFX_NETAPI_USER_ACCOUNT                            Setup.obs
64   IFX_OPEN_RESTORE_POINT                             isrt.obl(PCRestore.obs)
65   IFX_PRODUCT_COMMENTS                               Setup.obs
66   IFX_PRODUCT_DISPLAY_NAME                           Setup.obs
67   IFX_PRODUCT_DISPLAY_VERSION                        Setup.obs
68   IFX_PRODUCT_ICON                                   Setup.obs
69   IFX_PRODUCT_KEY                                    Setup.obs
70   IFX_PRODUCT_NAME                                   Setup.obs
71   IFX_PRODUCT_README                                 Setup.obs
72   IFX_PRODUCT_REGISTEREDCOMPANY                      Setup.obs
73   IFX_PRODUCT_REGISTEREDOWNER                        Setup.obs
74   IFX_PRODUCT_REGISTEREDSERIALNUM                    Setup.obs
75   IFX_PRODUCT_SUPPORT_CONTACT                        Setup.obs
76   IFX_PRODUCT_SUPPORT_PHONE                          Setup.obs
77   IFX_PRODUCT_SUPPORT_URL                            Setup.obs
78   IFX_PRODUCT_UPDATE_URL                             Setup.obs
79   IFX_PRODUCT_URL                                    Setup.obs
80   IFX_PRODUCT_VERSION                                Setup.obs
81   IFX_RESTORE_DISABLED                               isrt.obl(PCRestore.obs)
82   IFX_SETUP_TITLE                                    Setup.obs
83   IFX_SUPPORTED_VERSIONS                             Setup.obs
84   IISROOTFOLDER                                      iswi.obl(SysVarsConv.obs)
85   INSTALLDIR                                         Setup.obs
86   INSTALLSCRIPTMSI                                   iswi.obl(SysVarsConv.obs)
87   INSTALLSCRIPTMSIEEUI                               iswi.obl(SysVarsConv.obs)
88   INSTANCE_GUID                                      iswi.obl(SysVarsConv.obs)
89   ISDIFXAPPID                                        Setup.obs
90   ISMSI_HANDLE                                       iswi.obl(DebugSymbolsConv.obs)
91   ISRES                                              iswi.obl(SysVarsConv.obs)
92   ISUSER                                             iswi.obl(SysVarsConv.obs)
93   ISUTIL_FUNCTION_ACTUAL_ERROR                       Setup.obs
94   ISUTIL_FUNCTION_ERROR                              iswi.obl(CompHelperFuncs.obs)
95   ISUTIL_LINE_NUMBER                                 Setup.obs
96   ISUTIL_POSITIVE_ERROR                              iswi.obl(CompHelperFuncs.obs)
97   ISUTIL_SCRIPT_FILE                                 Setup.obs
98   ISVERSION                                          iswi.obl(SysVarsConv.obs)
99   IS_NULLSTR_PTR                                     Setup.obs
100  LAAW_PARAMETERS                                    Setup.obs
101  LAAW_SHELLEXECUTEINFO                              Setup.obs
102  LAAW_SHELLEXECUTEVERB                              Setup.obs
103  LAAW_STARTUPINFO                                   Setup.obs
104  LAST_RESULT                                        Setup.obs
105  LVITEMW                                            Setup.obs
106  LV_COLUMNW                                         Setup.obs
107  LocalAppDataFolder                                 iswi.obl(DebugSymbolsConv.obs)
108  LogDB                                              Setup.obs
109  MAINTENANCE                                        iswi.obl(SysVarsConv.obs)
110  MAINT_OPTION                                       iswi.obl(SysVarsConv.obs)
111  MEDIA                                              Setup.obs
112  MEDIA_INFO                                         iswi.obl(FeatureConv.obs)
113  MODE                                               Setup.obs
114  MULTI_INSTANCE_COUNT                               iswi.obl(SysVarsConv.obs)
115  MainWindow                                         Setup.obs
116  MyPicturesFolder                                   iswi.obl(DebugSymbolsConv.obs)
117  NOTHING                                            Setup.obs
118  NetHoodFolder                                      iswi.obl(DebugSymbolsConv.obs)
119  OSINFO_PLATFORM_INFO                               Setup.obs
120  OSINFO_PROCESSOR_INFO                              Setup.obs
121  OSVERSIONINFOEXW                                   Setup.obs
122  OSVERSIONINFOW                                     Setup.obs
123  Objects                                            Setup.obs
124  OriginalDatabase                                   iswi.obl(DebugSymbolsConv.obs)
125  PACKAGE_LOCATION                                   iswi.obl(SysVarsConv.obs)
126  PATCH                                              iswi.obl(DebugSymbolsConv.obs)
127  PRIVILEGED                                         Setup.obs
128  PRODUCT_GUID                                       iswi.obl(SysVarsConv.obs)
129  PROGRAMFILES                                       iswi.obl(SysVarsConv.obs)
130  PROGRAMFILES64                                     iswi.obl(SysVarsConv.obs)
131  PersonalFolder                                     iswi.obl(DebugSymbolsConv.obs)
132  PrintHoodFolder                                    iswi.obl(DebugSymbolsConv.obs)
133  ProgramFiles64Folder                               iswi.obl(DebugSymbolsConv.obs)
134  ProgramFilesFolder                                 iswi.obl(DebugSymbolsConv.obs)
135  ProgramMenuFolder                                  iswi.obl(DebugSymbolsConv.obs)
136  RECT                                               Setup.obs
137  REGDB_OPTIONS                                      Setup.obs
138  REINSTALLMODE                                      iswi.obl(SysVarsConv.obs)
139  REMOVEALLMODE                                      iswi.obl(SysVarsConv.obs)
140  REMOVEONLY                                         iswi.obl(SysVarsConv.obs)
141  RUN_ONCE_PROGRAM                                   iswi.obl(SysVarsConv.obs)
142  Reboot                                             Setup.obs
143  RecentFolder                                       iswi.obl(DebugSymbolsConv.obs)
144  SELECTED_LANGUAGE                                  iswi.obl(SysVarsConv.obs)
145  SERVICE_IS_PARAMS                                  Setup.obs
146  SERVICE_IS_STATUS                                  Setup.obs
147  SETUPTYPE_STR_COMPACT                              Setup.obs
148  SETUPTYPE_STR_COMPLETE                             Setup.obs
149  SETUPTYPE_STR_CUSTOM                               Setup.obs
150  SETUPTYPE_STR_TYPICAL                              Setup.obs
151  SHAREDSUPPORTDIR                                   iswi.obl(SysVarsConv.obs)
152  SHELLEXECUTEINFOW                                  Setup.obs
153  SHELL_OBJECT_FOLDER                                Setup.obs
154  SHOW_PASSWORD_DIALOG                               iswi.obl(SysVarsConv.obs)
155  SRCDIR                                             Setup.obs
156  SRCDISK                                            iswi.obl(SysVarsConv.obs)
157  STANDARD_SELECTED_LANGUAGE                         iswi.obl(SysVarsConv.obs)
158  STARTUPINFOW                                       Setup.obs
159  SUITE_HOSTED                                       iswi.obl(SysVarsConv.obs)
160  SUPPORTDIR                                         iswi.obl(SysVarsConv.obs)
161  SYSINFO                                            Setup.obs
162  SYSPROCESSORINFO                                   Setup.obs
163  SYSTEMTIME                                         Setup.obs
164  SendToFolder                                       iswi.obl(DebugSymbolsConv.obs)
165  SetupInfo                                          Setup.obs
166  SourceDir                                          iswi.obl(DebugSymbolsConv.obs)
167  StartMenuFolder                                    iswi.obl(DebugSymbolsConv.obs)
168  StartupFolder                                      iswi.obl(DebugSymbolsConv.obs)
169  StatusDlg                                          Setup.obs
170  SuiteHost                                          Setup.obs
171  System16Folder                                     iswi.obl(DebugSymbolsConv.obs)
172  System64Folder                                     iswi.obl(DebugSymbolsConv.obs)
173  SystemFolder                                       iswi.obl(DebugSymbolsConv.obs)
174  TARGETDIR                                          Setup.obs
175  TARGETDISK                                         iswi.obl(SysVarsConv.obs)
176  TempFolder                                         iswi.obl(DebugSymbolsConv.obs)
177  TemplateFolder                                     iswi.obl(DebugSymbolsConv.obs)
178  TextSub                                            Setup.obs
179  UNINST                                             Setup.obs
180  UNINSTALLKEY                                       Setup.obs
181  UNINSTALL_DISPLAYNAME                              Setup.obs
182  UNINSTALL_STRING                                   Setup.obs
183  UPDATEMODE                                         Setup.obs
184  WINDIR                                             iswi.obl(SysVarsConv.obs)
185  WINDISK                                            iswi.obl(SysVarsConv.obs)
186  WINSYSDIR                                          iswi.obl(SysVarsConv.obs)
187  WINSYSDIR64                                        iswi.obl(SysVarsConv.obs)
188  WINSYSDISK                                         iswi.obl(SysVarsConv.obs)
189  WindowsFolder                                      iswi.obl(DebugSymbolsConv.obs)
190  WindowsVolume                                      iswi.obl(DebugSymbolsConv.obs)
191  _INT64                                             Setup.obs
192  _LAAW_PARAMETERS                                   Setup.obs
193  _RESTOREPOINTINFO                                  Setup.obs
194  _SERVICE_IS_PARAMS                                 Setup.obs
195  _SERVICE_IS_STATUS                                 Setup.obs
196  _STATEMGRSTATUS                                    Setup.obs
197  _WIN9X                                             Setup.obs
198  _WINNT                                             Setup.obs
199  __gbAliasingOff                                    iswi.obl(CompHelperFuncs.obs)
200  __gbCheckForUpdate                                 iswi.obl(CompHelperFuncs.obs)
201  __gbGetTarget                                      iswi.obl(CompHelperFuncs.obs)
202  __gbInitialized                                    iswi.obl(CompHelperFuncs.obs)
203  __gbInstallInfo                                    Setup.obs
204  __gbMaintenance                                    iswi.obl(CompHelperFuncs.obs)
205  __gbReopening                                      iswi.obl(CompHelperFuncs.obs)
206  __ghActiveDataBase                                 iswi.obl(CompHelperFuncs.obs)
207  __ghErrFileHandle                                  iswi.obl(CompHelperFuncs.obs)
208  __ghMsiInstall                                     iswi.obl(CompHelperFuncs.obs)
209  __gnButtonSelected                                 iswi.obl(CompHelperFuncs.obs)
210  __gnLastError                                      iswi.obl(CompHelperFuncs.obs)
211  __gnMsiReturn                                      iswi.obl(CompHelperFuncs.obs)
212  __gnOSMask                                         iswi.obl(CompHelperFuncs.obs)
213  __gnScriptMode                                     iswi.obl(CompHelperFuncs.obs)
214  __goISDriver                                       iswi.obl(CompHelperFuncs.obs)
215  __goMsiServer                                      iswi.obl(CompHelperFuncs.obs)
216  __gsINSTALLDIR                                     iswi.obl(CompHelperFuncs.obs)
217  __gsProductGuid                                    iswi.obl(CompHelperFuncs.obs)
218  __gsSourceDir                                      iswi.obl(CompHelperFuncs.obs)
219  __hContext                                         Setup.obs
220  __objGlobalTextSub                                 Setup.obs
221  __objStringTable                                   iswi.obl(ISWiInit.obs)
222  __szGUID                                           Setup.obs
223  bBackButton                                        Setup.obs
224  bCancelButton                                      Setup.obs
225  bEnterDiskBeep                                     Setup.obs
226  bFinishButton                                      Setup.obs
227  bInstall16                                         Setup.obs
228  bNextButton                                        Setup.obs
229  bSdInit                                            Setup.obs
230  bViewCmptKunits                                    Setup.obs
231  bViewCmptUseDecimal                                Setup.obs
232  g_bSuppressMissingStringWarning                    iswi.obl(DriverConv.obs)
233  g_nDlgAskPath                                      Setup.obs
234  nDlgMessageBox                                     Setup.obs
235  nDlgSelectDir                                      Setup.obs
236  nDlgSetupType2                                     Setup.obs
237  nDlgSprintfBox                                     Setup.obs
238  nSdAskDestPath                                     Setup.obs
239  nSdComponentTree                                   Setup.obs
240  nSdDiskSpaceRequirements                           Setup.obs
241  nSdFinish                                          Setup.obs
242  nSdFinishReboot                                    Setup.obs
243  nSdOutOfDiskSpace                                  Setup.obs
244  nSdPatchWelcome                                    Setup.obs
245  nSdRegisterUser                                    Setup.obs
246  nSdStartCopy2                                      Setup.obs
247  nSdWelcome                                         Setup.obs
248  nSdWelcomeMaint                                    Setup.obs
249  szAppKey                                           Setup.obs
250  szSdProduct                                        Setup.obs
251  szSdStr_NotEnoughSpace                             Setup.obs
