<?xml version="1.0" encoding="UTF-8"?>
<TestRun id="3fe1788a-2e5d-4388-8055-0ae038c64594" name="googlesp@GDC04 2011-05-12 12:09:25" runUser="GDC-PSL\googlesp" xmlns="http://microsoft.com/schemas/VisualStudio/TeamTest/2006">
  <TestRunConfiguration name="Local Test Run" id="f696496a-9b9c-48c4-94a9-2d709b2b0f00">
    <Description>This is a default test run configuration for a local test run.</Description>
    <Deployment runDeploymentRoot="C:\Documents and Settings\kerbadmin\My Documents\Visual Studio 2008\Projects\ACLWebSite\TestResults\googlesp_GDC04 2011-05-12 12_09_25" />
    <TestTypeSpecific />
  </TestRunConfiguration>
  <ResultSummary outcome="Failed">
    <Counters total="1" executed="1" error="0" failed="1" timeout="0" aborted="0" inconclusive="0" passedButRunAborted="0" notRunnable="0" notExecuted="0" disconnected="0" warning="0" passed="0" completed="0" inProgress="0" pending="0" />
  </ResultSummary>
  <Times creation="2011-05-12T12:09:25.0400553+05:30" queuing="2011-05-12T12:09:25.5088023+05:30" start="2011-05-12T12:09:25.6650513+05:30" finish="2011-05-12T12:09:27.7900377+05:30" />
  <TestDefinitions>
    <UnitTest name="GetListItemsWithInheritingRoleAssignmentsTestMethod" storage="c:\documents and settings\kerbadmin\my documents\visual studio 2008\projects\aclwebsite\acltestproject\bin\debug\acltestproject.dll" id="11bfc529-12ed-f83b-14ad-352bcfab3450">
      <Css projectStructure="" iteration="" />
      <Owners>
        <Owner name="" />
      </Owners>
      <Execution id="c18bd1d8-0f8a-4254-9f9e-e7675eb44527" />
      <TestMethod codeBase="C:\Documents and Settings\kerbadmin\My Documents\Visual Studio 2008\Projects\ACLWebSite\ACLTestProject\bin\Debug\ACLTestProject.dll" adapterTypeName="Microsoft.VisualStudio.TestTools.TestTypes.Unit.UnitTestAdapter, Microsoft.VisualStudio.QualityTools.Tips.UnitTest.Adapter, Version=9.0.0.0, Culture=neutral, PublicKeyToken=b03f5f7f11d50a3a" className="ACLTestProject.AclTest1, ACLTestProject" name="GetListItemsWithInheritingRoleAssignmentsTestMethod" />
    </UnitTest>
  </TestDefinitions>
  <TestLists>
    <TestList name="Results Not in a List" id="8c84fa94-04c1-424b-9868-57a2d4851a1d" />
    <TestList name="All Loaded Results" id="19431567-8539-422a-85d7-44ee4e166bda" />
  </TestLists>
  <TestEntries>
    <TestEntry testId="11bfc529-12ed-f83b-14ad-352bcfab3450" executionId="c18bd1d8-0f8a-4254-9f9e-e7675eb44527" testListId="8c84fa94-04c1-424b-9868-57a2d4851a1d" />
  </TestEntries>
  <Results>
    <UnitTestResult executionId="c18bd1d8-0f8a-4254-9f9e-e7675eb44527" testId="11bfc529-12ed-f83b-14ad-352bcfab3450" testName="GetListItemsWithInheritingRoleAssignmentsTestMethod" computerName="GDC04" duration="00:00:01.4490690" startTime="2011-05-12T12:09:25.7119260+05:30" endTime="2011-05-12T12:09:27.6337887+05:30" testType="13cdc9d9-ddb5-4fa4-a97d-d965ccfc6d4b" outcome="Failed" testListId="8c84fa94-04c1-424b-9868-57a2d4851a1d">
      <Output>
        <ErrorInfo>
          <Message>Test method ACLTestProject.AclTest1.GetListItemsWithInheritingRoleAssignmentsTestMethod threw exception:  System.ServiceModel.Security.MessageSecurityException: The HTTP request is unauthorized with client authentication scheme 'Ntlm'. The authentication header received from the server was 'NTLM'. ---&gt;  System.Net.WebException: The remote server returned an error: (401) Unauthorized..</Message>
          <StackTrace>    at System.Net.HttpWebRequest.GetResponse()
   at System.ServiceModel.Channels.HttpChannelFactory.HttpRequestChannel.HttpChannelRequest.WaitForReply(TimeSpan timeout)
 --- End of inner exception stack trace ---
 
Server stack trace: 
   at System.ServiceModel.Channels.HttpChannelUtilities.ValidateAuthentication(HttpWebRequest request, HttpWebResponse response, WebException responseException, HttpChannelFactory factory)
   at System.ServiceModel.Channels.HttpChannelUtilities.ValidateRequestReplyResponse(HttpWebRequest request, HttpWebResponse response, HttpChannelFactory factory, WebException responseException)
   at System.ServiceModel.Channels.HttpChannelFactory.HttpRequestChannel.HttpChannelRequest.WaitForReply(TimeSpan timeout)
   at System.ServiceModel.Channels.RequestChannel.Request(Message message, TimeSpan timeout)
   at System.ServiceModel.Dispatcher.RequestChannelBinder.Request(Message message, TimeSpan timeout)
   at System.ServiceModel.Channels.ServiceChannel.Call(String action, Boolean oneway, ProxyOperationRuntime operation, Object[] ins, Object[] outs, TimeSpan timeout)
   at System.ServiceModel.Channels.ServiceChannel.Call(String action, Boolean oneway, ProxyOperationRuntime operation, Object[] ins, Object[] outs)
   at System.ServiceModel.Channels.ServiceChannelProxy.InvokeService(IMethodCallMessage methodCall, ProxyOperationRuntime operation)
   at System.ServiceModel.Channels.ServiceChannelProxy.Invoke(IMessage message)
Exception rethrown at [0]: 
   at System.Runtime.Remoting.Proxies.RealProxy.HandleReturnMessage(IMessage reqMsg, IMessage retMsg)
   at System.Runtime.Remoting.Proxies.RealProxy.PrivateInvoke(MessageData&amp; msgData, Int32 type)
   at ACLTestProject.GssAclTestProjectReference2010.GssAclMonitorSoap.GetListItemsWithInheritingRoleAssignments(String listGuId, Int32 rowLimit, Int32 lastItemId)
   at ACLTestProject.GssAclTestProjectReference2010.GssAclMonitorSoapClient.GetListItemsWithInheritingRoleAssignments(String listGuId, Int32 rowLimit, Int32 lastItemId) in C:\Documents and Settings\kerbadmin\My Documents\Visual Studio 2008\Projects\ACLWebSite\ACLTestProject\Service References\GssAclTestProjectReference2010\Reference.cs:line 776
   at ACLTestProject.AclTest1.GetListItemsWithInheritingRoleAssignmentsTestMethod() in C:\Documents and Settings\kerbadmin\My Documents\Visual Studio 2008\Projects\ACLWebSite\ACLTestProject\AclTest1.cs:line 207
</StackTrace>
        </ErrorInfo>
      </Output>
    </UnitTestResult>
  </Results>
</TestRun>